// Vitest Snapshot v1, https://vitest.dev/guide/snapshot.html

exports[`Footer component > should match snapshot 1`] = `
<DocumentFragment>
  <footer
    class="_footer_bef41e"
  >
    <div
      class="_container_bef41e"
    >
      <a
        alt="github"
        class="_link_bef41e"
        href="#git"
      >
        <span
          class="_icon_620964 _github_bef41e"
        />
      </a>
      <address>
        <a
          class="_link_bef41e"
          href="mailto:whitesgr03@gmail.com"
        >
          <span
            class="_icon_620964 _email_bef41e"
          />
          <em
            class="_emphasis_bef41e"
          >
            whitesgr03@gmail.com
          </em>
        </a>
      </address>
    </div>
    <p>
      Â© 2024 Designed & coded by Weiss Bai
    </p>
  </footer>
</DocumentFragment>
`;
