// Vitest Snapshot v1, https://vitest.dev/guide/snapshot.html

exports[`NotFound component > should match snapshot 1`] = `
<DocumentFragment>
  <div
    class="_error_48ab16"
  >
    <span
      class="_icon_620964 _alert_48ab16"
    />
    <h2>
      Page Not Found
    </h2>
    <div
      class="_message_48ab16"
    >
      <p>
        Our apologies, there has been an error.
      </p>
      <p>
        The page you are looking for could not be found.
      </p>
      <p>
        You may surf over to our other pages.
      </p>
    </div>
    <a
      class="_link_48ab16"
      href="/"
    >
      Back to Dashboard Page
    </a>
  </div>
</DocumentFragment>
`;
